// Jest Snapshot v1, https://goo.gl/fbAQLP

exports[`Transaction Activity UI renders correctly 1`] = `
Object {
  "asFragment": [Function],
  "baseElement": <body>
    <div />
    <div>
      <div
        class="dark:bg-surface-dark bg-custom-white flex flex-col h-[600px] dark:text-custom-white text-custom-black"
      >
        <div
          class="flex flex-row relative justify-between items-center h-16"
        >
          <button
            class="h-[24px] w-[24px] p-1 ml-1 hover:bg-custom-grey10 dark:hover:bg-custom-white10 rounded-full flex items-center justify-center absolute"
            type="button"
          >
            <arrow-left.svg
              classname="text-xl stroke-custom-black dark:stroke-custom-white"
            />
          </button>
          <div
            class="flex-1 text-center"
          >
            <div
              class="text-custom-black dark:text-custom-white text-lg font-extrabold"
            >
              Activity
            </div>
          </div>
        </div>
        <div
          class="w-full h-full overflow-auto"
        >
          <div
            class="MuiBox-root css-0"
          />
        </div>
      </div>
      <div
        style="position: absolute; width: 1px; height: 1px; padding: 0px; margin: -1px; overflow: hidden; clip: rect(0px, 0px, 0px, 0px); white-space: nowrap; border-width: 0px; display: none;"
      />
      <div
        style="position: absolute; width: 1px; height: 1px; padding: 0px; margin: -1px; overflow: hidden; clip: rect(0px, 0px, 0px, 0px); white-space: nowrap; border-width: 0px; display: none;"
      />
    </div>
    <div
      id="headlessui-portal-root"
    >
      <div
        data-headlessui-portal=""
      >
        <div />
      </div>
      <div
        data-headlessui-portal=""
      >
        <div />
      </div>
    </div>
  </body>,
  "container": <div>
    <div
      class="dark:bg-surface-dark bg-custom-white flex flex-col h-[600px] dark:text-custom-white text-custom-black"
    >
      <div
        class="flex flex-row relative justify-between items-center h-16"
      >
        <button
          class="h-[24px] w-[24px] p-1 ml-1 hover:bg-custom-grey10 dark:hover:bg-custom-white10 rounded-full flex items-center justify-center absolute"
          type="button"
        >
          <arrow-left.svg
            classname="text-xl stroke-custom-black dark:stroke-custom-white"
          />
        </button>
        <div
          class="flex-1 text-center"
        >
          <div
            class="text-custom-black dark:text-custom-white text-lg font-extrabold"
          >
            Activity
          </div>
        </div>
      </div>
      <div
        class="w-full h-full overflow-auto"
      >
        <div
          class="MuiBox-root css-0"
        />
      </div>
    </div>
    <div
      style="position: absolute; width: 1px; height: 1px; padding: 0px; margin: -1px; overflow: hidden; clip: rect(0px, 0px, 0px, 0px); white-space: nowrap; border-width: 0px; display: none;"
    />
    <div
      style="position: absolute; width: 1px; height: 1px; padding: 0px; margin: -1px; overflow: hidden; clip: rect(0px, 0px, 0px, 0px); white-space: nowrap; border-width: 0px; display: none;"
    />
  </div>,
  "debug": [Function],
  "findAllByAltText": [Function],
  "findAllByDisplayValue": [Function],
  "findAllByLabelText": [Function],
  "findAllByPlaceholderText": [Function],
  "findAllByRole": [Function],
  "findAllByTestId": [Function],
  "findAllByText": [Function],
  "findAllByTitle": [Function],
  "findByAltText": [Function],
  "findByDisplayValue": [Function],
  "findByLabelText": [Function],
  "findByPlaceholderText": [Function],
  "findByRole": [Function],
  "findByTestId": [Function],
  "findByText": [Function],
  "findByTitle": [Function],
  "getAllByAltText": [Function],
  "getAllByDisplayValue": [Function],
  "getAllByLabelText": [Function],
  "getAllByPlaceholderText": [Function],
  "getAllByRole": [Function],
  "getAllByTestId": [Function],
  "getAllByText": [Function],
  "getAllByTitle": [Function],
  "getByAltText": [Function],
  "getByDisplayValue": [Function],
  "getByLabelText": [Function],
  "getByPlaceholderText": [Function],
  "getByRole": [Function],
  "getByTestId": [Function],
  "getByText": [Function],
  "getByTitle": [Function],
  "queryAllByAltText": [Function],
  "queryAllByDisplayValue": [Function],
  "queryAllByLabelText": [Function],
  "queryAllByPlaceholderText": [Function],
  "queryAllByRole": [Function],
  "queryAllByTestId": [Function],
  "queryAllByText": [Function],
  "queryAllByTitle": [Function],
  "queryByAltText": [Function],
  "queryByDisplayValue": [Function],
  "queryByLabelText": [Function],
  "queryByPlaceholderText": [Function],
  "queryByRole": [Function],
  "queryByTestId": [Function],
  "queryByText": [Function],
  "queryByTitle": [Function],
  "rerender": [Function],
  "unmount": [Function],
}
`;
