// Jest Snapshot v1, https://goo.gl/fbAQLP

exports[`<SecretRecoveryPhrase /> renders correctly 1`] = `
Object {
  "asFragment": [Function],
  "baseElement": <body>
    <div />
    <div>
      <div
        class="dark:bg-surface-dark bg-custom-white flex flex-col h-[600px] dark:text-custom-white text-custom-black"
      >
        <div
          class="flex flex-row relative justify-between items-center h-16"
        >
          <button
            class="h-[24px] w-[24px] p-1 ml-1 hover:bg-custom-grey10 dark:hover:bg-custom-white10 rounded-full flex items-center justify-center absolute"
            type="button"
          >
            <arrow-left.svg
              classname="text-xl stroke-custom-black dark:stroke-custom-white"
            />
          </button>
          <div
            class="flex-1 text-center"
          >
            <div
              class="text-custom-black dark:text-custom-white text-lg font-extrabold"
              data-aid="recoveryPhraseHead"
            >
              Secret recovery phrase
            </div>
          </div>
        </div>
        <div
          class="w-full h-full overflow-auto"
        >
          <form>
             
            <div
              class="flex-col p-4 MuiBox-root css-k008qs"
            >
              <div
                class="gap-4 MuiBox-root css-k008qs"
              >
                <div
                  class="css-188t41y"
                >
                  <alert-triangle.svg />
                </div>
                <div
                  class="text-custom-grey100 dark:text-custom-grey100 text-body text-custom-black dark:text-custom-white"
                  data-aid="recoveryPhraseInst"
                >
                  Onboarding.generateSeedInstructionsOne
                   
                  <br />
                  Onboarding.generateSeedInstructionsTwo
                   
                  <br />
                  Onboarding.generateSeedInstructionsThree
                </div>
              </div>
              <div
                class="flex-col mt-4"
              >
                <div>
                  <div
                    class="mt-4"
                  >
                    <div
                      class="flex relative rounded-md items-center hover:shadow-md w-full bg-input-light-bg dark:bg-custom-white10"
                    >
                      <input
                        autocomplete="off"
                        class="outline-none	py-3.5 px-3.5 w-full text-sm text-custom-black dark:text-custom-white bg-transparent bg-transparent text-h4 "
                        data-testid="password"
                        name="password"
                        placeholder="Password"
                        type="password"
                        value=""
                      />
                      <div
                        class="pr-3.5"
                      >
                        <button
                          aria-label="toggle password visibility"
                          class="dark:stroke-custom-white stroke-custom-black w-6"
                          data-aid="passwordShowHide"
                          tabindex="-1"
                          type="button"
                        >
                          <eye-off.svg
                            classname="w-5 h-5"
                          />
                        </button>
                      </div>
                    </div>
                  </div>
                </div>
                <div
                  class="flex justify-between mt-8 gap-2"
                >
                  <button
                    class="flex items-center justify-center rounded-md hover:cursor-pointer font-extrabold text-sm w-full h-[44px] border-[1px] border-solid text-primary dark:text-custom-white border-primary dark:border-custom-white40 dark:hover:border-custom-white hover:border-primary-alt hover:text-primary-alt"
                    data-aid="cancelButton"
                    type="button"
                  >
                    Actions.cancel
                  </button>
                  <button
                    class="disabled:invisible flex items-center justify-center rounded-md hover:cursor-pointer font-extrabold text-sm w-full disabled:text-custom-grey40 dark:disabled:text-custom-grey40 h-[44px] text-custom-white dark:text-custom-white bg-custom-grey10"
                    data-aid="showButton"
                    data-testid="button-show"
                    disabled=""
                    type="submit"
                  >
                    Actions.show
                  </button>
                </div>
              </div>
            </div>
          </form>
        </div>
      </div>
    </div>
  </body>,
  "container": <div>
    <div
      class="dark:bg-surface-dark bg-custom-white flex flex-col h-[600px] dark:text-custom-white text-custom-black"
    >
      <div
        class="flex flex-row relative justify-between items-center h-16"
      >
        <button
          class="h-[24px] w-[24px] p-1 ml-1 hover:bg-custom-grey10 dark:hover:bg-custom-white10 rounded-full flex items-center justify-center absolute"
          type="button"
        >
          <arrow-left.svg
            classname="text-xl stroke-custom-black dark:stroke-custom-white"
          />
        </button>
        <div
          class="flex-1 text-center"
        >
          <div
            class="text-custom-black dark:text-custom-white text-lg font-extrabold"
            data-aid="recoveryPhraseHead"
          >
            Secret recovery phrase
          </div>
        </div>
      </div>
      <div
        class="w-full h-full overflow-auto"
      >
        <form>
           
          <div
            class="flex-col p-4 MuiBox-root css-k008qs"
          >
            <div
              class="gap-4 MuiBox-root css-k008qs"
            >
              <div
                class="css-188t41y"
              >
                <alert-triangle.svg />
              </div>
              <div
                class="text-custom-grey100 dark:text-custom-grey100 text-body text-custom-black dark:text-custom-white"
                data-aid="recoveryPhraseInst"
              >
                Onboarding.generateSeedInstructionsOne
                 
                <br />
                Onboarding.generateSeedInstructionsTwo
                 
                <br />
                Onboarding.generateSeedInstructionsThree
              </div>
            </div>
            <div
              class="flex-col mt-4"
            >
              <div>
                <div
                  class="mt-4"
                >
                  <div
                    class="flex relative rounded-md items-center hover:shadow-md w-full bg-input-light-bg dark:bg-custom-white10"
                  >
                    <input
                      autocomplete="off"
                      class="outline-none	py-3.5 px-3.5 w-full text-sm text-custom-black dark:text-custom-white bg-transparent bg-transparent text-h4 "
                      data-testid="password"
                      name="password"
                      placeholder="Password"
                      type="password"
                      value=""
                    />
                    <div
                      class="pr-3.5"
                    >
                      <button
                        aria-label="toggle password visibility"
                        class="dark:stroke-custom-white stroke-custom-black w-6"
                        data-aid="passwordShowHide"
                        tabindex="-1"
                        type="button"
                      >
                        <eye-off.svg
                          classname="w-5 h-5"
                        />
                      </button>
                    </div>
                  </div>
                </div>
              </div>
              <div
                class="flex justify-between mt-8 gap-2"
              >
                <button
                  class="flex items-center justify-center rounded-md hover:cursor-pointer font-extrabold text-sm w-full h-[44px] border-[1px] border-solid text-primary dark:text-custom-white border-primary dark:border-custom-white40 dark:hover:border-custom-white hover:border-primary-alt hover:text-primary-alt"
                  data-aid="cancelButton"
                  type="button"
                >
                  Actions.cancel
                </button>
                <button
                  class="disabled:invisible flex items-center justify-center rounded-md hover:cursor-pointer font-extrabold text-sm w-full disabled:text-custom-grey40 dark:disabled:text-custom-grey40 h-[44px] text-custom-white dark:text-custom-white bg-custom-grey10"
                  data-aid="showButton"
                  data-testid="button-show"
                  disabled=""
                  type="submit"
                >
                  Actions.show
                </button>
              </div>
            </div>
          </div>
        </form>
      </div>
    </div>
  </div>,
  "debug": [Function],
  "findAllByAltText": [Function],
  "findAllByDisplayValue": [Function],
  "findAllByLabelText": [Function],
  "findAllByPlaceholderText": [Function],
  "findAllByRole": [Function],
  "findAllByTestId": [Function],
  "findAllByText": [Function],
  "findAllByTitle": [Function],
  "findByAltText": [Function],
  "findByDisplayValue": [Function],
  "findByLabelText": [Function],
  "findByPlaceholderText": [Function],
  "findByRole": [Function],
  "findByTestId": [Function],
  "findByText": [Function],
  "findByTitle": [Function],
  "getAllByAltText": [Function],
  "getAllByDisplayValue": [Function],
  "getAllByLabelText": [Function],
  "getAllByPlaceholderText": [Function],
  "getAllByRole": [Function],
  "getAllByTestId": [Function],
  "getAllByText": [Function],
  "getAllByTitle": [Function],
  "getByAltText": [Function],
  "getByDisplayValue": [Function],
  "getByLabelText": [Function],
  "getByPlaceholderText": [Function],
  "getByRole": [Function],
  "getByTestId": [Function],
  "getByText": [Function],
  "getByTitle": [Function],
  "queryAllByAltText": [Function],
  "queryAllByDisplayValue": [Function],
  "queryAllByLabelText": [Function],
  "queryAllByPlaceholderText": [Function],
  "queryAllByRole": [Function],
  "queryAllByTestId": [Function],
  "queryAllByText": [Function],
  "queryAllByTitle": [Function],
  "queryByAltText": [Function],
  "queryByDisplayValue": [Function],
  "queryByLabelText": [Function],
  "queryByPlaceholderText": [Function],
  "queryByRole": [Function],
  "queryByTestId": [Function],
  "queryByText": [Function],
  "queryByTitle": [Function],
  "rerender": [Function],
  "unmount": [Function],
}
`;
