// Jest Snapshot v1, https://goo.gl/fbAQLP

exports[`<AddressBooks /> renders correctly 1`] = `
<div
  className="dark:bg-surface-dark bg-custom-white flex flex-col h-[600px] dark:text-custom-white text-custom-black"
>
  <div
    className="flex flex-row relative justify-between items-center h-16"
  >
    <button
      className="h-[24px] w-[24px] p-1 ml-1 hover:bg-custom-grey10 dark:hover:bg-custom-white10 rounded-full flex items-center justify-center absolute"
      onClick={[Function]}
      type="button"
    >
      <arrow-left.svg
        className="text-xl stroke-custom-black dark:stroke-custom-white"
      />
    </button>
    <div
      className="flex-1 text-center"
    >
      <div
        className="text-custom-black dark:text-custom-white text-lg font-extrabold"
        data-aid="addressBookHead"
        style={
          Object {
            "WebkitLineClamp": "3",
          }
        }
      >
        Settings.addressBookPageTitle
      </div>
    </div>
  </div>
  <div
    className="w-full h-full overflow-auto"
  >
    <div
      className="px-4"
    >
      <button
        className="mb-4 flex items-center justify-center rounded-md hover:cursor-pointer font-extrabold text-sm w-full h-[44px] border-[1px] border-solid text-primary dark:text-custom-white border-primary dark:border-custom-white40 dark:hover:border-custom-white hover:border-primary-alt hover:text-primary-alt"
        data-aid="editButton"
        onClick={[Function]}
        type="button"
      >
        Actions.edit
      </button>
    </div>
  </div>
</div>
`;
