// Jest Snapshot v1, https://goo.gl/fbAQLP

exports[`<ImportNFT /> renders correctly 1`] = `
Object {
  "asFragment": [Function],
  "baseElement": <body>
    <div>
      <div
        class="dark:bg-surface-dark bg-custom-white flex flex-col h-[600px] dark:text-custom-white text-custom-black"
      >
        <div
          class="flex flex-row relative justify-between items-center h-16"
        >
          <button
            class="h-[24px] w-[24px] p-1 ml-1 hover:bg-custom-grey10 dark:hover:bg-custom-white10 rounded-full flex items-center justify-center absolute"
            type="button"
          >
            <arrow-left.svg
              classname="text-xl stroke-custom-black dark:stroke-custom-white"
            />
          </button>
          <div
            class="flex-1 text-center"
          >
            <div
              class="text-custom-black dark:text-custom-white text-lg font-extrabold"
            >
              Import NFT
            </div>
          </div>
        </div>
        <div
          class="w-full h-full overflow-auto"
        >
          <form>
             
            <div
              class="flex flex-col p-4 relative h-[500px]"
            >
              <div
                class="text-custom-black dark:text-custom-white text-sm font-regular"
                style="margin-bottom: 4px;"
              >
                You can find the below information in the Details section on the OpenSea page of your NFT
              </div>
              <div
                class="flex relative rounded-md items-center hover:shadow-md w-full bg-input-light-bg dark:bg-custom-white10 mt-4"
              >
                <input
                  autocomplete="off"
                  class="outline-none	py-3.5 px-3.5 w-full text-sm text-custom-black dark:text-custom-white bg-transparent bg-transparent text-h4 "
                  name="contractAddress"
                  placeholder="Contract address"
                  value=""
                />
              </div>
              <div
                class="flex relative rounded-md items-center hover:shadow-md w-full bg-input-light-bg dark:bg-custom-white10 mt-4"
              >
                <input
                  autocomplete="off"
                  class="outline-none	py-3.5 px-3.5 w-full text-sm text-custom-black dark:text-custom-white bg-transparent bg-transparent text-h4 "
                  name="tokenId"
                  placeholder="ID"
                  value=""
                />
              </div>
              <div
                class="flex gap-2 absolute bottom-0 w-auto right-4 left-4"
              >
                <button
                  class="flex items-center justify-center rounded-md hover:cursor-pointer font-extrabold text-sm w-full h-[44px] border-[1px] border-solid text-primary dark:text-custom-white border-primary dark:border-custom-white40 dark:hover:border-custom-white hover:border-primary-alt hover:text-primary-alt"
                  type="button"
                >
                  Actions.cancel
                </button>
                <button
                  class="flex items-center justify-center rounded-md hover:cursor-pointer font-extrabold text-sm w-full disabled:text-custom-grey40 dark:disabled:text-custom-grey40 h-[44px] text-custom-white dark:text-custom-white bg-custom-grey10"
                  disabled=""
                  type="submit"
                >
                  Import
                </button>
              </div>
            </div>
          </form>
          <div
            style="position: absolute; width: 1px; height: 1px; padding: 0px; margin: -1px; overflow: hidden; clip: rect(0px, 0px, 0px, 0px); white-space: nowrap; border-width: 0px; display: none;"
          />
        </div>
      </div>
    </div>
    <div
      id="headlessui-portal-root"
    >
      <div
        data-headlessui-portal=""
      >
        <div />
      </div>
    </div>
  </body>,
  "container": <div>
    <div
      class="dark:bg-surface-dark bg-custom-white flex flex-col h-[600px] dark:text-custom-white text-custom-black"
    >
      <div
        class="flex flex-row relative justify-between items-center h-16"
      >
        <button
          class="h-[24px] w-[24px] p-1 ml-1 hover:bg-custom-grey10 dark:hover:bg-custom-white10 rounded-full flex items-center justify-center absolute"
          type="button"
        >
          <arrow-left.svg
            classname="text-xl stroke-custom-black dark:stroke-custom-white"
          />
        </button>
        <div
          class="flex-1 text-center"
        >
          <div
            class="text-custom-black dark:text-custom-white text-lg font-extrabold"
          >
            Import NFT
          </div>
        </div>
      </div>
      <div
        class="w-full h-full overflow-auto"
      >
        <form>
           
          <div
            class="flex flex-col p-4 relative h-[500px]"
          >
            <div
              class="text-custom-black dark:text-custom-white text-sm font-regular"
              style="margin-bottom: 4px;"
            >
              You can find the below information in the Details section on the OpenSea page of your NFT
            </div>
            <div
              class="flex relative rounded-md items-center hover:shadow-md w-full bg-input-light-bg dark:bg-custom-white10 mt-4"
            >
              <input
                autocomplete="off"
                class="outline-none	py-3.5 px-3.5 w-full text-sm text-custom-black dark:text-custom-white bg-transparent bg-transparent text-h4 "
                name="contractAddress"
                placeholder="Contract address"
                value=""
              />
            </div>
            <div
              class="flex relative rounded-md items-center hover:shadow-md w-full bg-input-light-bg dark:bg-custom-white10 mt-4"
            >
              <input
                autocomplete="off"
                class="outline-none	py-3.5 px-3.5 w-full text-sm text-custom-black dark:text-custom-white bg-transparent bg-transparent text-h4 "
                name="tokenId"
                placeholder="ID"
                value=""
              />
            </div>
            <div
              class="flex gap-2 absolute bottom-0 w-auto right-4 left-4"
            >
              <button
                class="flex items-center justify-center rounded-md hover:cursor-pointer font-extrabold text-sm w-full h-[44px] border-[1px] border-solid text-primary dark:text-custom-white border-primary dark:border-custom-white40 dark:hover:border-custom-white hover:border-primary-alt hover:text-primary-alt"
                type="button"
              >
                Actions.cancel
              </button>
              <button
                class="flex items-center justify-center rounded-md hover:cursor-pointer font-extrabold text-sm w-full disabled:text-custom-grey40 dark:disabled:text-custom-grey40 h-[44px] text-custom-white dark:text-custom-white bg-custom-grey10"
                disabled=""
                type="submit"
              >
                Import
              </button>
            </div>
          </div>
        </form>
        <div
          style="position: absolute; width: 1px; height: 1px; padding: 0px; margin: -1px; overflow: hidden; clip: rect(0px, 0px, 0px, 0px); white-space: nowrap; border-width: 0px; display: none;"
        />
      </div>
    </div>
  </div>,
  "debug": [Function],
  "findAllByAltText": [Function],
  "findAllByDisplayValue": [Function],
  "findAllByLabelText": [Function],
  "findAllByPlaceholderText": [Function],
  "findAllByRole": [Function],
  "findAllByTestId": [Function],
  "findAllByText": [Function],
  "findAllByTitle": [Function],
  "findByAltText": [Function],
  "findByDisplayValue": [Function],
  "findByLabelText": [Function],
  "findByPlaceholderText": [Function],
  "findByRole": [Function],
  "findByTestId": [Function],
  "findByText": [Function],
  "findByTitle": [Function],
  "getAllByAltText": [Function],
  "getAllByDisplayValue": [Function],
  "getAllByLabelText": [Function],
  "getAllByPlaceholderText": [Function],
  "getAllByRole": [Function],
  "getAllByTestId": [Function],
  "getAllByText": [Function],
  "getAllByTitle": [Function],
  "getByAltText": [Function],
  "getByDisplayValue": [Function],
  "getByLabelText": [Function],
  "getByPlaceholderText": [Function],
  "getByRole": [Function],
  "getByTestId": [Function],
  "getByText": [Function],
  "getByTitle": [Function],
  "queryAllByAltText": [Function],
  "queryAllByDisplayValue": [Function],
  "queryAllByLabelText": [Function],
  "queryAllByPlaceholderText": [Function],
  "queryAllByRole": [Function],
  "queryAllByTestId": [Function],
  "queryAllByText": [Function],
  "queryAllByTitle": [Function],
  "queryByAltText": [Function],
  "queryByDisplayValue": [Function],
  "queryByLabelText": [Function],
  "queryByPlaceholderText": [Function],
  "queryByRole": [Function],
  "queryByTestId": [Function],
  "queryByText": [Function],
  "queryByTitle": [Function],
  "rerender": [Function],
  "unmount": [Function],
}
`;
